MySQL Shell 8.0.15

Copyright (c) 2016, 2019, Oracle and/or its affiliates. All rights reserved.
Oracle is a registered trademark of Oracle Corporation and/or its affiliates.
Other names may be trademarks of their respective owners.

Type '\help' or '\?' for help; '\quit' to exit.

 MySQL  JS > \sql
Switching to SQL mode... Commands end with ;

 MySQL  SQL > \connect --mc root@localhost
Creating a Classic session to 'root@localhost'
Fetching schema names for autocompletion... Press ^C to stop.
Your MySQL connection id is 23
Server version: 8.0.14 MySQL Community Server - GPL
No default schema selected; type \use <schema> to set one.

 MySQL  localhost:3306 ssl  SQL > \use eva_1;
MySQL Error 1049: Unknown database 'eva_1;'

 MySQL  localhost:3306 ssl  SQL > \use eva_1
Default schema set to `eva_1`.
Fetching table and column names from `eva_1` for auto-completion... Press ^C to stop.

 MySQL  localhost:3306 ssl  eva_1  SQL > create user "cosultas"@"localhost" identified by "root"
                                      -> ;
Query OK, 0 rows affected (1.1609 sec)

 MySQL  localhost:3306 ssl  eva_1  SQL > create user "consultas"@"localhost" identified by "root" ;
ERROR: 1396 (HY000): Operation CREATE USER failed for 'consultas'@'localhost'

 MySQL  localhost:3306 ssl  eva_1  SQL > create user "consultas"@"localhost" identified by "root" ;
ERROR: 1396 (HY000): Operation CREATE USER failed for 'consultas'@'localhost'

 MySQL  localhost:3306 ssl  eva_1  SQL > drop user "consultas"@"localhost" identified by "root" ;
ERROR: 1064 (42000): You have an error in your SQL syntax; check the manual that corresponds to your MySQL server version for the right syntax to use near 'identified by "root"' at line 1

 MySQL  localhost:3306 ssl  eva_1  SQL > drop user "consultas"@"localhost" identified by "root";
ERROR: 1064 (42000): You have an error in your SQL syntax; check the manual that corresponds to your MySQL server version for the right syntax to use near 'identified by "root"' at line 1

 MySQL  localhost:3306 ssl  eva_1  SQL > drop user "consultas2"@"localhost" identified by "root";
ERROR: 1064 (42000): You have an error in your SQL syntax; check the manual that corresponds to your MySQL server version for the right syntax to use near 'identified by "root"' at line 1

 MySQL  localhost:3306 ssl  eva_1  SQL > create user "consultas2"@"localhost" identified by "root";
Query OK, 0 rows affected (0.1343 sec)

 MySQL  localhost:3306 ssl  eva_1  SQL > drop user "consultas"@"localhost" identified by "root";
ERROR: 1064 (42000): You have an error in your SQL syntax; check the manual that corresponds to your MySQL server version for the right syntax to use near 'identified by "root"' at line 1

 MySQL  localhost:3306 ssl  eva_1  SQL > create user "consultas"@"localhost" identified by "root";
ERROR: 1396 (HY000): Operation CREATE USER failed for 'consultas'@'localhost'

 MySQL  localhost:3306 ssl  eva_1  SQL > grant select(nombre , apellido, fecha_necimiento)
                                      -> on eva_1.empleados
                                      -> to "consultas2"@"localhost";
ERROR: 1054 (42S22): Unknown column 'fecha_necimiento' in 'empleados'

 MySQL  localhost:3306 ssl  eva_1  SQL > grant select(nombre , apellido, fecha_nacimiento) on eva_1.empleados to "consultas2"@"localhost";
Query OK, 0 rows affected (0.2146 sec)

 MySQL  localhost:3306 ssl  eva_1  SQL > \connect --mc consultas2@localhost
Creating a Classic session to 'consultas2@localhost'
Please provide the password for 'consultas2@localhost': ****
Save password for 'consultas2@localhost'? [Y]es/[N]o/Ne[v]er (default No): y
Fetching schema names for autocompletion... Press ^C to stop.
Closing old connection...
Your MySQL connection id is 24
Server version: 8.0.14 MySQL Community Server - GPL
No default schema selected; type \use <schema> to set one.

 MySQL  localhost:3306 ssl  SQL > show tables;
ERROR: 1046 (3D000): No database selected

 MySQL  localhost:3306 ssl  SQL > \use eva_1;
MySQL Error 1044: Access denied for user 'consultas2'@'localhost' to database 'eva_1;'

 MySQL  localhost:3306 ssl  SQL > \use eva_1
Default schema set to `eva_1`.
Fetching table and column names from `eva_1` for auto-completion... Press ^C to stop.

 MySQL  localhost:3306 ssl  eva_1  SQL > show tables;
+-----------------+
| Tables_in_eva_1 |
+-----------------+
| empleados       |
+-----------------+
1 row in set (0.0046 sec)

 MySQL  localhost:3306 ssl  eva_1  SQL > insert into empleados(nombre) values("y");
ERROR: 1142 (42000): INSERT command denied to user 'consultas2'@'localhost' for table 'empleados'

 MySQL  localhost:3306 ssl  eva_1  SQL > \connect --mc root@localhost
Creating a Classic session to 'root@localhost'
Fetching schema names for autocompletion... Press ^C to stop.
Closing old connection...
Your MySQL connection id is 25
Server version: 8.0.14 MySQL Community Server - GPL
No default schema selected; type \use <schema> to set one.

 MySQL  localhost:3306 ssl  SQL > \use eva_1
Default schema set to `eva_1`.
Fetching table and column names from `eva_1` for auto-completion... Press ^C to stop.

 MySQL  localhost:3306 ssl  eva_1  SQL > desc paises;
+------------+---------------------------------------------+------+-----+---------+----------------+
| Field      | Type                                        | Null | Key | Default | Extra          |
+------------+---------------------------------------------+------+-----+---------+----------------+
| id         | int(11)                                     | NO   | PRI | NULL    | auto_increment |
| nombre     | varchar(50)                                 | NO   | UNI | NULL    |                |
| continente | enum('America','Europa','Ociania','Africa') | YES  |     | NULL    |                |
| poblacion  | int(11)                                     | YES  |     | NULL    |                |
+------------+---------------------------------------------+------+-----+---------+----------------+
4 rows in set (0.0062 sec)

 MySQL  localhost:3306 ssl  eva_1  SQL > grant insert(nombre) on
                                      -> eva_1.paises
                                      -> to "consultas"@"localhost";
Query OK, 0 rows affected (0.1788 sec)

 MySQL  localhost:3306 ssl  eva_1  SQL > \connect --mc consultas2@localhost
Creating a Classic session to 'consultas2@localhost'
Fetching schema names for autocompletion... Press ^C to stop.
Closing old connection...
Your MySQL connection id is 26
Server version: 8.0.14 MySQL Community Server - GPL
No default schema selected; type \use <schema> to set one.

 MySQL  localhost:3306 ssl  SQL > \use eva_1
Default schema set to `eva_1`.
Fetching table and column names from `eva_1` for auto-completion... Press ^C to stop.

 MySQL  localhost:3306 ssl  eva_1  SQL > show tables;
+-----------------+
| Tables_in_eva_1 |
+-----------------+
| empleados       |
+-----------------+
1 row in set (0.0035 sec)

 MySQL  localhost:3306 ssl  eva_1  SQL > insert into paises(nombre) values ("wakanda");
ERROR: 1142 (42000): INSERT command denied to user 'consultas2'@'localhost' for table 'paises'

 MySQL  localhost:3306 ssl  eva_1  SQL > \connect --mc root@localhost
Creating a Classic session to 'root@localhost'
Fetching schema names for autocompletion... Press ^C to stop.
Closing old connection...
Your MySQL connection id is 27
Server version: 8.0.14 MySQL Community Server - GPL
No default schema selected; type \use <schema> to set one.

 MySQL  localhost:3306 ssl  SQL > grant insert(nombre) on  eva_1.paises to "consultas2"@"localhost";
Query OK, 0 rows affected (0.1408 sec)

 MySQL  localhost:3306 ssl  SQL > \connect --mc consultas2@localhost
Creating a Classic session to 'consultas2@localhost'
Fetching schema names for autocompletion... Press ^C to stop.
Closing old connection...
Your MySQL connection id is 28
Server version: 8.0.14 MySQL Community Server - GPL
No default schema selected; type \use <schema> to set one.

 MySQL  localhost:3306 ssl  SQL > insert into paises(nombre) values ("wakanda");
ERROR: 1046 (3D000): No database selected

 MySQL  localhost:3306 ssl  SQL > \use eva_1
Default schema set to `eva_1`.
Fetching table and column names from `eva_1` for auto-completion... Press ^C to stop.

 MySQL  localhost:3306 ssl  eva_1  SQL > insert into paises(nombre) values ("wakanda");
Query OK, 1 row affected (0.2744 sec)

 MySQL  localhost:3306 ssl  eva_1  SQL > show tables;
+-----------------+
| Tables_in_eva_1 |
+-----------------+
| empleados       |
| paises          |
+-----------------+
2 rows in set (0.0048 sec)

 MySQL  localhost:3306 ssl  eva_1  SQL > \connect --mc root@localhost
Creating a Classic session to 'root@localhost'
Fetching schema names for autocompletion... Press ^C to stop.
Closing old connection...
Your MySQL connection id is 29
Server version: 8.0.14 MySQL Community Server - GPL
No default schema selected; type \use <schema> to set one.

 MySQL  localhost:3306 ssl  SQL > \use eva_1
Default schema set to `eva_1`.
Fetching table and column names from `eva_1` for auto-completion... Press ^C to stop.

 MySQL  localhost:3306 ssl  eva_1  SQL > show tables;
+-----------------+
| Tables_in_eva_1 |
+-----------------+
| empleados       |
| paises          |
+-----------------+
2 rows in set (0.0042 sec)

 MySQL  localhost:3306 ssl  eva_1  SQL > select * from paises;
+----+---------+------------+-----------+
| id | nombre  | continente | poblacion |
+----+---------+------------+-----------+
|  1 | wakanda | NULL       |      NULL |
+----+---------+------------+-----------+
1 row in set (0.0032 sec)

 MySQL  localhost:3306 ssl  eva_1  SQL > revoke insert on eva_1.paises
                                      -> from
                                      -> "cosultas2"@"localhost";
ERROR: 1147 (42000): There is no such grant defined for user 'cosultas2' on host 'localhost' on table 'paises'

 MySQL  localhost:3306 ssl  eva_1  SQL > revoke insert on eva_1.paises  from "consultas2"@"localhost";
Query OK, 0 rows affected (0.2693 sec)

 MySQL  localhost:3306 ssl  eva_1  SQL > \connect --mc consultas2@localhost
Creating a Classic session to 'consultas2@localhost'
Fetching schema names for autocompletion... Press ^C to stop.
Closing old connection...
Your MySQL connection id is 30
Server version: 8.0.14 MySQL Community Server - GPL
No default schema selected; type \use <schema> to set one.

 MySQL  localhost:3306 ssl  SQL > \use eva_1
Default schema set to `eva_1`.
Fetching table and column names from `eva_1` for auto-completion... Press ^C to stop.

 MySQL  localhost:3306 ssl  eva_1  SQL > show tables;
+-----------------+
| Tables_in_eva_1 |
+-----------------+
| empleados       |
+-----------------+
1 row in set (0.0036 sec)

 MySQL  localhost:3306 ssl  eva_1  SQL > insert into paises(nombre) values ("wakandaForeva");
ERROR: 1142 (42000): INSERT command denied to user 'consultas2'@'localhost' for table 'paises'

 MySQL  localhost:3306 ssl  eva_1  SQL > \connect --mc root@localhost
Creating a Classic session to 'root@localhost'
Fetching schema names for autocompletion... Press ^C to stop.
Closing old connection...
Your MySQL connection id is 31
Server version: 8.0.14 MySQL Community Server - GPL
No default schema selected; type \use <schema> to set one.

 MySQL  localhost:3306 ssl  SQL > alter user "consultas"@"localhost"
                               -> identified by "root2";
Query OK, 0 rows affected (0.3468 sec)

 MySQL  localhost:3306 ssl  SQL > create user "usuario_1"@"localhost" identified by "root";
Query OK, 0 rows affected (0.1665 sec)

 MySQL  localhost:3306 ssl  SQL > grant all on eva_1.* to "usuario_1"@"localhost";
Query OK, 0 rows affected (0.1593 sec)

 MySQL  localhost:3306 ssl  SQL > \ connect --mc usuario_1@localhost
Unknown command: '\ connect --mc usuario_1@localhost'
 MySQL  localhost:3306 ssl  SQL > \connect --mc usuario_1@localhost
Creating a Classic session to 'usuario_1@localhost'
Fetching schema names for autocompletion... Press ^C to stop.
Closing old connection...
Your MySQL connection id is 32
Server version: 8.0.14 MySQL Community Server - GPL
No default schema selected; type \use <schema> to set one.

 MySQL  localhost:3306 ssl  SQL > \use eva_1
Default schema set to `eva_1`.
Fetching table and column names from `eva_1` for auto-completion... Press ^C to stop.

 MySQL  localhost:3306 ssl  eva_1  SQL > show tables;
+-----------------+
| Tables_in_eva_1 |
+-----------------+
| empleados       |
| paises          |
+-----------------+
2 rows in set (0.0056 sec)

 MySQL  localhost:3306 ssl  eva_1  SQL > desc empelados;
ERROR: 1146 (42S02): Table 'eva_1.empelados' doesn't exist

 MySQL  localhost:3306 ssl  eva_1  SQL > desc empleados;
+-------------------+-------------------------------------+------+-----+--------------------+-------------------+
| Field             | Type                                | Null | Key | Default            | Extra             |
+-------------------+-------------------------------------+------+-----+--------------------+-------------------+
| id                | int(11)                             | NO   | PRI | NULL               | auto_increment    |
| id_depto          | varchar(50)                         | YES  | UNI | NULL               |                   |
| nombre            | varchar(50)                         | NO   | UNI | NULL               |                   |
| apellido          | varchar(50)                         | NO   | UNI | NULL               |                   |
| iniciales         | varchar(10)                         | YES  |     | NULL               |                   |
| fecha_nacimiento  | date                                | NO   |     | NULL               |                   |
| rfc               | varchar(13)                         | YES  |     | NULL               |                   |
| nss               | varchar(50)                         | NO   | UNI | NULL               |                   |
| ciudad_nacimiento | text                                | YES  |     | NULL               |                   |
| estado            | enum('CUU','CDM','BCN','BCS','SON') | YES  |     | NULL               |                   |
| pais              | varchar(50)                         | YES  |     | _utf8mb4\'Mexico\' | DEFAULT_GENERATED |
| celular           | varchar(50)                         | YES  |     | NULL               |                   |
| tel_fijo          | varchar(20)                         | YES  |     | NULL               |                   |
| salario           | int(11)                             | YES  |     | NULL               |                   |
+-------------------+-------------------------------------+------+-----+--------------------+-------------------+
14 rows in set (0.0039 sec)

 MySQL  localhost:3306 ssl  eva_1  SQL > create user "actor"@"localhost" identified by "root";
ERROR: 1227 (42000): Access denied; you need (at least one of) the CREATE USER privilege(s) for this operation

 MySQL  localhost:3306 ssl  eva_1  SQL > \connect --mc root@localhost
Creating a Classic session to 'root@localhost'
Fetching schema names for autocompletion... Press ^C to stop.
Closing old connection...
Your MySQL connection id is 33
Server version: 8.0.14 MySQL Community Server - GPL
No default schema selected; type \use <schema> to set one.

 MySQL  localhost:3306 ssl  SQL > create user "actor"@"localhost" identified by "root";
Query OK, 0 rows affected (0.1336 sec)

 MySQL  localhost:3306 ssl  SQL > grant select on eva_1.* to "actor"@"localhost";
Query OK, 0 rows affected (0.1289 sec)

 MySQL  localhost:3306 ssl  SQL > revoke revoke on eva_1.*  from "actor"@"localhost";
ERROR: 1064 (42000): You have an error in your SQL syntax; check the manual that corresponds to your MySQL server version for the right syntax to use near 'revoke on eva_1.*  from "actor"@"localhost"' at line 1

 MySQL  localhost:3306 ssl  SQL > revoke select on eva_1.*  from "actor"@"localhost";
Query OK, 0 rows affected (0.3542 sec)

 MySQL  localhost:3306 ssl  SQL > grant select on eva_1.empleados to "actor"@"localhost";
Query OK, 0 rows affected (0.2808 sec)

 MySQL  localhost:3306 ssl  SQL > create user "captura_actor"@"localhost" identified by "root"
                               -> ;
Query OK, 0 rows affected (0.1365 sec)

 MySQL  localhost:3306 ssl  SQL > grant insert on eva_1.* to "captura_actor"@"localhost";
Query OK, 0 rows affected (0.1424 sec)

 MySQL  localhost:3306 ssl  SQL > grant update on eva_1.* to "captura_actor"@"localhost";
Query OK, 0 rows affected (0.1551 sec)

 MySQL  localhost:3306 ssl  SQL > grant delete on eva_1.* to "captura_actor"@"localhost";
Query OK, 0 rows affected (0.1297 sec)

 MySQL  localhost:3306 ssl  SQL > create user "rec_humanos"@"localhost" identified by "root";
Query OK, 0 rows affected (0.1636 sec)

 MySQL  localhost:3306 ssl  SQL > grant select (nombre, apellido, fecha_nacimiento, nss, rfc, iniciales), update (nombre,apellido, fecha_nacimiento, nss, rfc, iniciales) on eva_1.empleados to "rec_humanos"@"localhost";
Query OK, 0 rows affected (0.4259 sec)

 MySQL  localhost:3306 ssl  SQL >